---
http_interactions:
- request:
    method: get
    uri: https://api.edgecast.com/v2/mcc/customers/CUSTOMER_ID/compression
    body:
      encoding: US-ASCII
      string: ''
    headers:
      Accept:
      - application/json
      Accept-Encoding:
      - gzip, deflate
      Authorization:
      - TOKEN
      User-Agent:
      - Ruby
  response:
    status:
      code: 200
      message: OK
    headers:
      Cache-Control:
      - private
      Content-Length:
      - '133'
      Content-Type:
      - application/json; charset=utf-8
      Server:
      - Microsoft-IIS/7.5
      X-Aspnet-Version:
      - 4.0.30319
      X-Powered-By:
      - ASP.NET
      Date:
      - Fri, 30 Mar 2012 07:14:58 GMT
    body:
      encoding: US-ASCII
      string: ! '[{"MediaTypeId":8,"Status":1,"ContentTypes":["text\/plain","text\/html","text\/css","application\/x-javascript","text\/javascript"]}]'
    http_version: !!null 
  recorded_at: Fri, 30 Mar 2012 07:16:13 GMT
- request:
    method: get
    uri: https://api.edgecast.com/v2/mcc/customers/CUSTOMER_ID/compression
    body:
      encoding: US-ASCII
      string: ''
    headers:
      Accept:
      - application/json
      Accept-Encoding:
      - gzip, deflate
      Authorization:
      - XXXX
      User-Agent:
      - Ruby
  response:
    status:
      code: 403
      message: Forbidden
    headers:
      Cache-Control:
      - private
      Content-Length:
      - '26'
      Content-Type:
      - application/json; charset=utf-8
      Server:
      - Microsoft-IIS/7.5
      X-Aspnet-Version:
      - 4.0.30319
      X-Powered-By:
      - ASP.NET
      Date:
      - Fri, 30 Mar 2012 07:14:59 GMT
    body:
      encoding: US-ASCII
      string: ! '{"Message":"Invalid User"}'
    http_version: !!null 
  recorded_at: Fri, 30 Mar 2012 07:16:15 GMT
- request:
    method: get
    uri: https://api.edgecast.com/v2/mcc/customers/XXXX/compression
    body:
      encoding: US-ASCII
      string: ''
    headers:
      Accept:
      - application/json
      Accept-Encoding:
      - gzip, deflate
      Authorization:
      - TOKEN
      User-Agent:
      - Ruby
  response:
    status:
      code: 400
      message: Bad Request
    headers:
      Cache-Control:
      - private
      Content-Length:
      - '42'
      Content-Type:
      - application/json; charset=utf-8
      Server:
      - Microsoft-IIS/7.5
      X-Aspnet-Version:
      - 4.0.30319
      X-Powered-By:
      - ASP.NET
      Date:
      - Fri, 30 Mar 2012 07:15:02 GMT
    body:
      encoding: US-ASCII
      string: ! '{"Message":"Invalid account number value"}'
    http_version: !!null 
  recorded_at: Fri, 30 Mar 2012 07:16:17 GMT
- request:
    method: get
    uri: https://api.edgecast.com/v2/mcc/customers/XXXX/compression
    body:
      encoding: US-ASCII
      string: ''
    headers:
      Accept:
      - application/json
      Accept-Encoding:
      - gzip, deflate
      Authorization:
      - XXXX
      User-Agent:
      - Ruby
  response:
    status:
      code: 403
      message: Forbidden
    headers:
      Cache-Control:
      - private
      Content-Length:
      - '26'
      Content-Type:
      - application/json; charset=utf-8
      Server:
      - Microsoft-IIS/7.5
      X-Aspnet-Version:
      - 4.0.30319
      X-Powered-By:
      - ASP.NET
      Date:
      - Fri, 30 Mar 2012 07:15:03 GMT
    body:
      encoding: US-ASCII
      string: ! '{"Message":"Invalid User"}'
    http_version: !!null 
  recorded_at: Fri, 30 Mar 2012 07:16:17 GMT
recorded_with: VCR 2.0.0
